Working on: AL2360-1a
Working on: AL2360-1b
Working on: AL2360-1c
Working on: AL2360-1d
Working on: AL2360-1e
Working on: AL2742-4a
Working on: AL2742-4b
Working on: AL2742-4e
Working on: AL2742-4f
Working on: AL2742-4g
Working on: AL2770-3a
Working on: AL2770-3b
Working on: AL2770-3c
Working on: AL2844-2a
Working on: AL2844-2b
Working on: AL2852-2a
Working on: AL2852-2b
Working on: AL2852-2c
Working on: AL2852-2d
Working on: AL2852-2e
Working on: AL2852-2f
Working on: AL3023-1a
Working on: AL3023-1b
Working on: AL3028-2a
Working on: AL3028-2b
Working on: AL3029-4a
Working on: AL3029-4b
Working on: AL3029-4c
Working on: AL3029-5a
Working on: AL3031-1a
Working on: AL3031-1b
Working on: AL3031-1c
Working on: AL3031-1d
Working on: AL3034-2a
Working on: AL3034-2d
Working on: AL3034-2e
Working on: AL3034-5a
Working on: AL3034-5b
Working on: AL3034-5d
Working on: AL3035-2a
Working on: AL3035-2b
Working on: AL3035-2h
Working on: AL3035-2i
Working on: AL3035-2j
Working on: AL3156-1a
Working on: AL3156-1b
Working on: AL3159-1a
Working on: AL3159-1b
Working on: AL3159-1g
Working on: AL3166-1a
Working on: AL3166-1b
Working on: AL3166-1g
Working on: AL3166-1h
Working on: hw108a1
Working on: hw108a2
Working on: hw108a3
Working on: hw108a4
Working on: hw108a5
Working on: hw108b1
Working on: hw108b2
Working on: hw108b3
Working on: hw108b4
Working on: hw108b5
Working on: hw108c1
Working on: hw108c2
Working on: hw108c3
Working on: hw108c4
Working on: hw108c5
Working on: hw123a1
Working on: hw123a2
Working on: hw123a3
Working on: hw123a4
Working on: hw123a5
Working on: hw126a1
Working on: hw126a2
Working on: hw126a3
Working on: hw126a4
Working on: hw126a5
Working on: hw126b1
Working on: hw126b2
Working on: hw126b3
Working on: hw126b4
Working on: hw126b5
Working on: hw128a1
Working on: hw128a2
Working on: hw128a3
Working on: hw128a4
Working on: hw128a5
Working on: hw128b1
Working on: hw128b2
Working on: hw128b3
Working on: hw128b4
Working on: hw128b5
Working on: hw128c1
Working on: hw128c2
Working on: hw128c3
Working on: hw128c4
Working on: hw128c5
Working on: hw128d1
Working on: hw128d2
Working on: hw128d3
Working on: hw128d4
Working on: hw128d5
Working on: hw108c10
Working on: hw108c11
Working on: hw108c12
Working on: hw108c13
Working on: hw108c6
Working on: hw108c7
Working on: hw108c8
Working on: hw108c9
Working on: hw123a10
Working on: hw123a11
Working on: hw123a12
Working on: hw123a6
Working on: hw123a7
Working on: hw123a8
Working on: hw123a9
Working on: hw126a6
Working on: hw126a7
Working on: hw126a8
Working on: hw128a10
Working on: hw128a11
Working on: hw128a6
Working on: hw128a7
Working on: hw128a8
Working on: hw128a9
Working on: hw201a1
Working on: hw201a10
Working on: hw201a11
Working on: hw201a12
Working on: hw201a2
Working on: hw201a3
Working on: hw201a4
Working on: hw201a5
Working on: hw201a6
Working on: hw201a7
Working on: hw201a8
Working on: hw201a9
Working on: hw226a1
Working on: hw226a2
Working on: hw226a3
Working on: hw226a4
Working on: hw226a5
Working on: hw226a6
Working on: hw226b1
hw226b1 in site hw226 Not included, demagnetization not completed
Working on: hw226b2
Working on: hw226b3
Working on: hw226b4
Working on: hw226b5
Working on: hw226b6
Working on: hw241a1
Working on: hw241a2
Working on: hw241a3
Working on: hw241a4
Working on: hw241a5
Working on: hw241a6
Working on: hw241d1
Working on: hw241d2
Working on: hw241d3
Working on: hw241d4
Working on: hw241d5
Working on: hw241d6
Working on: hw241e1
Working on: hw241e2
Working on: hw241e3
Working on: hw241e4
Working on: hw241e5
Working on: hw241e6
Working on: BR06-3F
Working on: BR06-4F
Working on: BR06-5F
Working on: p1ay
Working on: p1c-stub1
Working on: p1cy_u
Working on: p1cz_u
Working on: p1e_u
Working on: p1fx_u
Working on: p1fy_u
Working on: p1ga_u
Working on: p1gb_u
Working on: p1gc_u
Working on: p1h_u
Working on: p1hb_u
Working on: p1ka_u
Working on: p1kb_u
Working on: p1kc_u
Working on: p1kd_u
Working on: p1l_u
Working on: p1my
Working on: p1na_u
Working on: p1nb
Working on: p1o_u
Working on: p2aa_u
Working on: p2ab_u
Working on: p2ac_u
Working on: p2ad
Working on: p2b_u
Working on: p2d
Working on: p2ey_u
Working on: p2kx_u
Working on: p2na_u
Working on: p2nb_u
Working on: p2o_u
Working on: p2q
Working on: p2qc
Working on: p2rl_u
Working on: p2s_u
Working on: vm1a
Working on: vm1c
Working on: vm1dy
Working on: vm1f
Working on: vm1g
Working on: vm1hx
Working on: vm1i
Working on: vm1kx
Working on: vm1mx
Working on: vm1my
Working on: vm1nx
Working on: vm1o
Working on: vm1q
Working on: vm1ry
Working on: vm1s
Working on: vm2ay
Working on: vm2by
Working on: vm2dy
Working on: SBG_2352-2b
Working on: SBG_2352-2e
Working on: SBG_2352-2g
Working on: SBG_2358-4f
Working on: SBG_2372-2e
Working on: SBG_2372-2g
Working on: SBG_2372-2h
Working on: SBG_2372-3d
Working on: SBG_2372-3e
Working on: SBG_2372-3f
Working on: SBG_2392-4c
Working on: SBG_2392-4e
Working on: rs25b
Working on: rs25e
Working on: rs26c
Working on: rs27a
Working on: rs27d
Working on: rs25a
Working on: rs25c
Working on: rs25d
Working on: rs26a
Working on: rs26b
Working on: rs26d
Working on: rs26e
Working on: rs27b
Working on: rs27c
Working on: rs27e
Working on: rs27f
Working on: rs27g
Working on: rs27h
Working on: rs27i
Working on: rs27j
Working on: remag-rs61a
Working on: remag-rs61c
Working on: remag-rs61e
Working on: remag-rs61f
Working on: remag-rs61h
Working on: remag-rs61i
Working on: remag-rs62a
Working on: remag-rs62b
Working on: remag-rs62e
Working on: remag-rs62f
Working on: remag-rs62g
Working on: remag-rs62h
Working on: remag-rs63a
Working on: remag-rs63f
Working on: remag-rs63g
Working on: remag-rs63i
Working on: remag-rs63j
Working on: remag-rs78a
Working on: remag-rs78e
Working on: remag-rs78f
Working on: remag-rs78g
remag-rs78g in site remag-rs78 Not included, demagnetization not completed
Working on: remag-rs78i
Working on: kf011
Working on: kf031
Working on: kf072
Working on: A-1-3
Working on: A-2-3
Working on: A-3-3
Working on: A-4-3
Working on: A-4-4L
Working on: A-5-3
Working on: B-1-3
Working on: B-10-1
Working on: B-2-1
Working on: B-3-3
Working on: B-4-3
Working on: B-5-1
Working on: B-6-3
Working on: B-7-3
Working on: B-8-1
Working on: B-9-3
Working on: B-9-4L
Working on: C-1-3
Working on: C-2-3
Working on: C-3-3
Working on: C-4-1
Working on: C-4-4L
Working on: SW01-01A-2
Working on: SW01-02A-2
Working on: SW01-03A-2
Working on: SW01-04A-2
Working on: SW01-05A-2
Working on: SW01-06A-2
Working on: SW01-07A-2
Working on: SW01-08A-2
Working on: SW01-09A-2
Working on: SW01-10A-2
Working on: SW01-11A-2
Working on: SW01-12A-2
Working on: SW01-13A-2
Working on: SW01-14A-2
Working on: SW01-15A-2
Working on: SW01-16A-2
Working on: SW01-17A-2
Working on: SW01-18A-2
Working on: SW01-19A-2
Working on: TS01-00A-2
Working on: TS01-01A-2
Working on: TS01-02A-2
Working on: TS01-04A-1
Working on: TS01-05A-2
Working on: TS01-06A-3
Working on: TS01-07A-2
Working on: TS01-08A-2
Working on: TS01-10A-2
Working on: TS01-11A-2
Working on: TS01-12A-2
Working on: TS01-13A-2
Working on: TS01-14A-2
Working on: TS01-15A-2
Working on: TS01-16A-2
Working on: TS01-17A-2
Working on: TS01-18A-2
Working on: TS01-19A-2
Working on: TS01-20A-2
Working on: TS01-21A-2
Working on: TS01-22A-2
Working on: TS01-23A-2
Working on: TS01-24A-2
Working on: TS01-25A-2
Working on: TS01-26A-2
Working on: TS01-27A-2
Working on: TS01-28A-2
Working on: TS02-01A-2
Working on: TS02-02A-2
Working on: TS02-03A-2
Working on: TS02-04A-2
Working on: TS02-05A-3
Working on: TS02-06A-2
Working on: TS02-07A-2
Working on: TS02-08A-2
Working on: TS02-09A-3
Working on: TS02-10A-3
Working on: TS02-11A-2
Working on: TS02-12A-2
Working on: TS02-13A-2
Working on: TS02-14A-2
Working on: TS02-15A-2
Working on: TS02-16A-2
Working on: TS02-17A-2
Working on: TS02-18A-2
Working on: TS02-19A-2
Working on: TS02-20A-3
Working on: TS02-21A-2
Working on: TS02-22A-2
Working on: TS02-23A-2
Working on: TS02-24A-2
Working on: TS02-25A-2
Working on: TS02-26A-2
Working on: ET1_279BS
ET1_279BS in site ET1 Not included, demagnetization not completed
Working on: ET1_283E
ET1_283E in site ET1 Not included, demagnetization not completed
Working on: ET1_287D
Working on: ET1_289D
Working on: ET1_311E
Working on: ET1_318A
ET1_318A in site ET1 Not included, demagnetization not completed
Working on: ET2_182B
Working on: ET2_185A
ET2_185A in site ET2 Not included, demagnetization not completed
Working on: ET2_187A
ET2_187A in site ET2 Not included, demagnetization not completed
Working on: ET2_192A
ET2_192A in site ET2 Not included, demagnetization not completed
Working on: ET2_196D
Working on: ET3_008A
Working on: ET3_023E2
Working on: ET3_059C
Working on: ET3_064C
Working on: ET3_146A
ET3_146A in site ET3 Not included, demagnetization not completed
Working on: ET3_150B
ET3_150B in site ET3 Not included, demagnetization not completed
Working on: MGH1
Working on: W1
Working on: W2
Working on: W3
Working on: W4
Working on: W5
Working on: W6
Working on: LV10D3A
Working on: LV11A2
Working on: LV12A2A
Working on: LV12D1
Working on: LV12E2
Working on: LV14C3A
Working on: LV15B1
Working on: LV16A2B
Working on: LV16B1B
Working on: LV17A1A
Working on: LV18B3
Working on: LV19A2
Working on: LV19B1A
LV19B1A in site LV Not included, demagnetization not completed
Working on: LV19C1
Working on: LV19D3
Working on: LV19E1
Working on: LV19F2
Working on: LV19G2B
Working on: LV20B1
Working on: LV20C2
Working on: LV21A2
Working on: LV21B1
Working on: LV21C1
Working on: LV22D1
Working on: LV23A2
Working on: LV25C3
Working on: LV26D2
Working on: LV27B2
Working on: LV28E3A
Working on: LV29B2A
Working on: LV30A3A
Working on: LV30B2
Working on: LV30D1
Working on: LV3B3
Working on: LV4A3
Working on: LV4C3
Working on: LV6A2
Working on: LV6C3A
Working on: LV6D1B
Working on: LV6G1
Working on: LV6I3A
Working on: LV7B1
Working on: LV7G1
Working on: LV7H1
Working on: LV9A2
Working on: LV9F2
Working on: M3B5
Working on: M3C5
Working on: M3G2
M3G2 in site MSH Not included, demagnetization not completed
Working on: M3L1
M3L1 in site MSH Not included, demagnetization not completed
Working on: M3O6
Working on: M3S2
M3S2 in site MSH Not included, demagnetization not completed
Working on: M3U2
M3U2 in site MSH Not included, demagnetization not completed
Working on: M3V1
M3V1 in site MSH Not included, demagnetization not completed
Working on: M4F6
M4F6 in site MSH Not included, demagnetization not completed
Working on: M4G5
M4G5 in site MSH Not included, demagnetization not completed
Working on: M4M5
M4M5 in site MSH Not included, demagnetization not completed
Working on: M4S2
M4S2 in site MSH Not included, demagnetization not completed
Working on: M4T3
Working on: M4U1
M4U1 in site MSH Not included, demagnetization not completed
Working on: M4V1
M4V1 in site MSH Not included, demagnetization not completed
Working on: M5B2
M5B2 in site MSH Not included, demagnetization not completed
Working on: M5D1
Working on: M5E2
Working on: M5G1
M5G1 in site MSH Not included, demagnetization not completed
Working on: M5M2
M5M2 in site MSH Not included, demagnetization not completed
Working on: M5N2
M5N2 in site MSH Not included, demagnetization not completed
Working on: M5N5
Working on: M5P2
Working on: M5Q1
Working on: M5S2
Working on: M5T2
M5T2 in site MSH Not included, demagnetization not completed
Working on: M5W2
M5W2 in site MSH Not included, demagnetization not completed
Working on: M6B7A
Working on: M6C2
M6C2 in site MSH Not included, demagnetization not completed
Working on: M6D1
Working on: M6E13
Working on: M6G1
Working on: M6K1
Working on: M6L2
M6L2 in site MSH Not included, demagnetization not completed
Working on: M6M1
Working on: M6O3
Working on: M6P3
Working on: M6Q2
Working on: M6R4
M6R4 in site MSH Not included, demagnetization not completed
Working on: M6U2
M6U2 in site MSH Not included, demagnetization not completed
Working on: cr405g1-CZb
Working on: cr418f-CZb
Working on: cr423c-CZb
Working on: hw226a-SZb
Working on: jm009c1-CZb
Working on: jm009d1-CZb
Working on: jm009f2-CZb
Working on: jm009i2-CZb
Working on: jm011d1-CZb
Working on: mc109d-SZb
Working on: mc109e-SZb
Working on: mc111d-SZb
Working on: mc111e-SZb
Working on: mc117a-SZb
Working on: mc117b-SZb
Working on: mc117d-SZb
PTRM check at 373.0K has no corresponding zero field measurement, ignoring
Working on: mc117e-SZb
Working on: mc120b-SZb
Working on: mc120c-SZb
Working on: mc167d2-SZb
Working on: sc02e1-CZb
Working on: sc03f-CZb
Working on: sc03h-CZb
Working on: sc06d-CZb
Couldn't find Anisotropy Tensors, Generating...
-W- WARNING: Can't fit tanh function to NLT data for rs25b
Measurements file does not contain a description for cooling rate corrections. Ignoring corrections. 
